Becoming_detached={<"Items","Source">,<"Item","Items">}
Emptying={<"Agent","Cause">}
Firing={<"Position","Task">}
Expensiveness={<"Goods","Intended_event">}
Holding_off_on={<"Desirable_action","Salient_entity">}
Subversion={<"Activity","State_of_affairs">,<"Cause","Counter_actor">}
Inhibit_movement={<"Agent","Cause">}
Remainder={<"Original_context","Original_owner">,<"Original_context","Resource">}
Imposing_obligation={<"Obligator","Situation">}
Traversing={<"Area","Direction">,<"Area","Goal">,<"Area","Path">,<"Area","Source">}
Quarreling={<"Arguer2","Arguers">,<"Arguer1","Arguers">}
Differentiation={<"Phenomena","Phenomenon_2">,<"Phenomena","Phenomenon_1">}
Cause_to_be_dry={<"Agent","Cause">}
Be_in_control={<"Dependent_entity","Dependent_variable">,<"Dependent_situation","Dependent_variable">,<"Dependent_entity","Dependent_situation">}
Gradable_attributes={<"Degree","Value">}
Commerce_money-transfer={<"Exchangers","Seller">,<"Buyer","Exchangers">}
Friction={<"Static_object","Themes">,<"Theme","Themes">}
Cause_to_fragment={<"Agent","Cause">}
Cause_proliferation_in_number={<"Agent","Cause">}
Cause_temperature_change={<"Agent","Cause">}
Measurable_attributes={<"Degree","Value">}
Change_event_time={<"Agent","Cause">,<"Destination_time","Landmark_time">}
Cotheme={<"Area","Direction">,<"Cotheme","Road">,<"Area","Goal">,<"Area","Path">,<"Area","Source">}
Product_delivery={<"Goal","Purchaser">}
Alliance={<"Member_1","Members">,<"Member_2","Members">}
Passing={<"Area","Recipient">,<"Area","Initial_State">,<"Area","Result">,<"Area","Path">,<"Area","Source">}
Attaching={<"Item","Items">,<"Goal","Items">}
Exchange_currency={<"Sum_2","Target_currency">,<"Source_currency","Sum_1">}
Performers_and_roles={<"Performer","Performer1">,<"Performer","Performer2">}
Kinship={<"Ego","Relatives">,<"Alter","Relatives">}
Cause_to_continue={<"Agent","Cause">,<"Process","State">}
Motion={<"Area","Direction">,<"Area","Distance">,<"Area","Goal">,<"Area","Path">,<"Area","Source">}
Ordinal_numbers={<"Basis_of_order","Starting_point">}
Quantity={<"Individuals","Mass">}
Impact={<"Impactor","Impactors">,<"Impactee","Impactors">}
Corroding_caused={<"Agent","Cause">}
Taking_time={<"Degree","Time_length">}
Rejuvenation={<"Agent","Cause">,<"Cause","Means">}
Motion_directional={<"Area","Direction">,<"Area","Goal">,<"Area","Path">,<"Area","Source">}
Social_connection={<"Individual2","Individuals">,<"Individual1","Individuals">}
Cause_fluidic_motion={<"Area","Result">,<"Agent","Cause">,<"Area","Goal">,<"Area","Path">,<"Area","Source">}
Cause_to_move_in_place={<"Agent","Cause">,<"Bodypart_of_agent","Cause">}
Cause_to_perceive={<"Actor","Perceiver">,<"Medium","Perceiver">,<"Entity","Perceiver">}
Placing={<"Agent","Cause">}
Destroying={<"Cause","Destroyer">,<"Cause","Means">}
Ambient_temperature={<"Degree","Temperature">}
Fluidic_motion={<"Area","Source">,<"Area","Goal">,<"Area","Path">}
Response={<"Agent","Responding_entity">}
Separating={<"Agent","Cause">,<"Part_2","Parts">,<"Part_1","Parts">}
Waver_between_options={<"Option_2","Options">,<"Option_1","Options">}
Heralding={<"Event","Individual">}
Redirecting={<"Agent","Cause">}
Preventing={<"Agent","Preventing_cause">}
Change_position_on_a_scale={<"Initial_state","Value_range">,<"Final_value","Value_range">,<"Initial_value","Value_range">,<"Final_state","Value_range">}
Cause_to_resume={<"Agent","Cause">}
Social_interaction_evaluation={<"Behavior","Topic">}
Cause_change_of_phase={<"Agent","Cause">}
Being_at_risk={<"Dangerous_entity","Harmful_event">}
Temperature={<"Degree","Temperature">}
Locative_relation={<"Figure","Figures">,<"Figures","Ground">}
Preliminaries={<"Preparatory_act","Preparatory_phase">}
Damaging={<"Agent","Cause">}
Openness={<"Barrier","Useful_location">}
Estimated_value={<"Item","Question">,<"Estimation","Item">}
Temporal_collocation={<"Trajector_event","Trajector_period">,<"Landmark_entity","Landmark_event">,<"Landmark_event","Landmark_period">,<"Trajector_entity","Trajector_event">}
Purpose={<"Attribute","Goal">,<"Goal","Value">}
Documents={<"Obligation","Status">,<"Obligation","Right">}
Cause_to_amalgamate={<"Part_2","Parts">,<"Part_1","Parts">}
Take_place_of={<"Function","Role">}
Transitive_action={<"Agent","Cause">,<"Cause","Means">}
Endangering={<"Agent","Cause">}
Being_detached={<"Items","Source">,<"Item","Items">}
Attention={<"Expressor","Perceiver">}
Make_agreement_on_action={<"Parties","Party_2">,<"Parties","Party_1">}
Change_resistance={<"Agent","Cause">}
Cognitive_connection={<"Concept_2","Concepts">,<"Concept_1","Concepts">}
Make_cognitive_connection={<"Concept_2","Concepts">,<"Concept_1","Concepts">}
Labor_product={<"Agent","Cause">}
Judgment_direct_address={<"Communicator","Expressor">}
Front_for={<"Illicit_activity","Illicit_organization">}
Mass_motion={<"Area","Direction">,<"Area","Goal">,<"Area","Path">,<"Area","Source">}
Cause_harm={<"Agent","Cause">}
Path_shape={<"Area","Direction">,<"Area","Goal">,<"Area","Path">,<"Area","Source">}
Change_operational_state={<"Agent","Cause">}
Make_acquaintance={<"Individual_2","Individuals">,<"Individual_1","Individuals">}
Evading={<"Capture","Pursuer">}
Speed={<"Degree","Speed">}
Waiting={<"Expected_event","Salient_entity">}
Reciprocality={<"Protagonist_2","Protagonists">,<"Protagonist_1","Protagonists">}
Suspiciousness={<"Entity","Social_actor">,<"Behavior","Entity">}
Cause_impact={<"Agent","Cause">}
Cause_to_rot={<"Agent","Cause">}
Cause_expansion={<"Agent","Cause">}
Undergo_change={<"Final_category","Initial_value">,<"Final_value","Value_range">,<"Attribute","Initial_category">,<"Final_value","Initial_category">,<"Initial_category","Initial_value">}
Expertise={<"Behavior_product","Knowledge">,<"Behavior_product","Role">,<"Behavior_product","Focal_participant">,<"Behavior_product","Skill">}
Remembering_to_do={<"Action","Salient_entity">}
Participation={<"Event","Institution">,<"Participant_2","Participants">,<"Participant_1","Participants">}
Concessive={<"Statement","Topic">}
Be_in_agreement_on_assessment={<"Cognizer_2","Cognizers">,<"Cognizer_1","Cognizers">,<"Question","Topic">,<"Opinion","Question">}
Unemployment_rate={<"Degree","Value">}
Withdraw_from_participation={<"Activity","Organization">}
Amounting_to={<"Attribute","Numbers">}
Explaining_the_facts={<"Question","State_of_affairs">}
Transfer={<"Donor","Transferors">,<"Recipient","Transferors">}
Similarity={<"Entities","Entity_1">,<"Entities","Entity_2">}
Intentional_traversing={<"Path","Place">,<"Place","Source">,<"Goal","Place">}
Exchange={<"Theme_2","Themes">,<"Theme_1","Themes">,<"Exchanger_2","Exchangers">,<"Exchanger_1","Exchangers">}
Creating={<"Cause","Creator">}
Chatting={<"Interlocutor_1","Interlocutors">,<"Interlocutor_2","Interlocutors">}
Bringing={<"Area","Source">,<"Area","Goal">,<"Area","Path">}
Try_defendant={<"Governing_authority","Judge">}
Remembering_experience={<"Experience","State">,<"Impression","State">,<"Experience","Salient_entity">,<"Experience","Impression">}
Objective_influence={<"Influencing_entity","Influencing_variable">,<"Influencing_entity","Influencing_situation">,<"Influencing_situation","Influencing_variable">,<"Dependent_entity","Dependent_variable">,<"Dependent_situation","Dependent_variable">,<"Dependent_entity","Dependent_situation">}
Becoming_separated={<"Part_2","Parts">,<"Part_1","Parts">}
Being_attached={<"Item","Items">,<"Goal","Items">}
Personal_relationship={<"Partner_2","Partners">,<"Partner_1","Partners">}
Cause_change_of_consistency={<"Agent","Cause">}
Hostile_encounter={<"Side_1","Sides">,<"Side_2","Sides">}
Mental_property={<"Behavior","Practice">}
Filling={<"Agent","Cause">}
Aiming={<"Target_location","Targeted">}
Mention={<"Message","Specified_content">}
Motion_scenario={<"Area","Source">,<"Area","Goal">,<"Area","Path">}
Becoming={<"Final_category","Final_state">}
Killing={<"Cause","Killer">,<"Cause","Means">,<"Cause","Instrument">}
Partiality={<"Side_1","Sides">,<"Side_2","Sides">}
Amalgamation={<"Part_2","Parts">,<"Part_1","Parts">}
Cause_motion={<"Area","Source">,<"Area","Result">,<"Agent","Cause">,<"Area","Initial_State">,<"Area","Path">,<"Area","Goal">}
Discussion={<"Interlocutor_1","Interlocutors">,<"Interlocutor_2","Interlocutors">}
Correctness={<"Source","Topic">}
Place_weight_on={<"Agent","Artifact">,<"Action","Agent">}
Seeking_to_achieve={<"Sought_entity","State_of_affairs">}
Word_relations={<"Sign_2","Signs">,<"Sign_1","Signs">}
Have_as_requirement={<"Required_entity","Requirement">}
Prevent_from_having={<"Agent","Preventing_cause">}
Identicality={<"Previous_instance","Set_of_instances">,<"Previous_context","Set_of_instances">,<"Current_instance","Set_of_instances">}
Education_teaching={<"Precept","Subject">,<"Precept","Skill">,<"Skill","Subject">,<"Fact","Precept">,<"Fact","Qualification">}
Wagering={<"Outcome","Uncertain_situation">}
Surpassing={<"Attribute","Profiled_attribute">,<"Attribute","Standard_attribute">}
Competition={<"Participant_2","Participants">,<"Participant_1","Participants">}
Recording={<"Phenomenon","Value">,<"Attribute","Phenomenon">}
Scope={<"Event","Salient_entity">}
Relation={<"Entities","Entity2">,<"Entities","Entity1">}
Cause_to_wake={<"Agent","Cause">}
Change_tool={<"Old_tool","Tools">,<"New_tool","Tools">}
Finish_competition={<"Competitor","Competitors">,<"Competitors","Opponent">}
Resolve_problem={<"Agent","Cause">}
Forming_relationships={<"Partner_2","Partners">,<"Partner_1","Partners">}
Success_or_failure={<"Goal","Role">}
Biological_urge={<"Experiencer","State">,<"Experiencer","Expressor">,<"Expressor","State">}
Relation_between_individuals={<"Individual_2","Individuals">,<"Individual_1","Individuals">}
Removing={<"Agent","Cause">}
Commerce_goods-transfer={<"Exchangers","Seller">,<"Buyer","Exchangers">}
Motion_noise={<"Area","Source">,<"Area","Goal">,<"Area","Path">}
Run_risk={<"Asset","Bad_outcome">}
Compatibility={<"Item_2","Items">,<"Item_1","Items">}
Risky_situation={<"Dangerous_entity","Situation">}
Custom={<"Protagonist","Society">}
Awareness={<"Cognizer","Expressor">}
Delivery={<"Goal","Recipient">}
Travel={<"Area","Direction">,<"Area","Goal">,<"Area","Path">,<"Area","Source">}
Importance={<"Field","Interested_party">}
Successful_action={<"Instrument","Means">,<"Goal","Role">}
Cause_change_of_position_on_a_scale={<"Agent","Cause">}
Reforming_a_system={<"Agent","Cause">}
Simultaneity={<"Events","Profiled_event">,<"Events","Landmark_event">}
Duration_relation={<"Eventuality","Period">,<"Entity","Eventuality">,<"Entity","Period">}
Mental_activity={<"Expressor","Sentient_entity">}
Cause_change={<"Final_category","Initial_value">,<"Attribute","Final_category">,<"Agent","Cause">,<"Final_category","Final_value">,<"Initial_category","Initial_value">}
Assemble={<"Group","Party_2">,<"Individuals","Party_2">,<"Group","Party_1">,<"Individuals","Party_1">}
Setting_fire={<"Cause","Kindler">}
Emotion_directed={<"Event","Experiencer">,<"Experiencer","Expressor">,<"Event","Expressor">}
Sounds={<"Ground","Themes">,<"Sound_source","Themes">,<"Noisy_event","Themes">,<"Theme","Themes">,<"Component_sound","Themes">}
Cause_to_be_wet={<"Agent","Cause">}
Come_together={<"Configuration","Party_2">,<"Configuration","Party_1">,<"Individuals","Party_2">,<"Individuals","Party_1">}
Grasp={<"Cognizer","Faculty">}
Cause_to_make_noise={<"Cause","Means">}
Be_in_agreement_on_action={<"Parties","Party_2">,<"Parties","Party_1">}
Sentencing={<"Sentence","Term_of_sentence">}
Subjective_influence={<"Action","Behavior">,<"Behavior","Product">,<"Cognizer","Product">,<"Entity","Situation">,<"Action","Product">}
Inchoative_attaching={<"Item","Items">,<"Goal","Items">}
Project={<"Activity","Salient_entity">}
Working_on={<"Goal","Salient_entity">}
Control={<"Controlling_entity","Controlling_variable">,<"Dependent_entity","Dependent_variable">,<"Controlling_entity","Controlling_situation">,<"Controlling_situation","Controlling_variable">,<"Dependent_situation","Dependent_variable">,<"Dependent_entity","Dependent_situation">}
Measure_area={<"Area","Occupant">}
Reliance={<"Instrument","Means">,<"Benefit","Purpose">,<"Intermediary","Means">,<"Instrument","Intermediary">}
Being_active={<"Agent","Salient_entity">,<"Activity","Role">}
Judgment_communication={<"Communicator","Expressor">}
Religious_belief={<"Content","Role">,<"Content","Element">}
Cause_to_be_sharp={<"Agent","Cause">,<"Cause","Means">}
Age={<"Entity","Expressor">,<"Age","Degree">}
Operate_vehicle={<"Area","Source">,<"Area","Goal">,<"Area","Path">}
Change_of_leadership={<"Old_order","Role">,<"Function","Old_order">}
Feigning={<"Copy","State_of_affairs">,<"Original","State_of_affairs">}
Evaluative_comparison={<"Attribute","Profiled_attribute">,<"Attribute","Standard_attribute">}
Cause_to_end={<"Agent","Cause">,<"Process","State">}
Self_motion={<"Area","Direction">,<"Area","Goal">,<"Area","Path">,<"Area","Source">}
Ride_vehicle={<"Area","Source">,<"Area","Goal">,<"Area","Path">}
Frequency={<"Degree","Rate">,<"Interval","Salient_entity">,<"Event","Salient_entity">}
Having_commercial_agreement={<"Parties","Party_2">,<"Parties","Party_1">}
Estimating={<"Estimation","Value">}
Collaboration={<"Partner_2","Partners">,<"Partner_1","Partners">}
Dispersal={<"Agent","Cause">}
Birth={<"Child","Egg>}