Friction={<"Static_object","Theme">}
Quarreling={<"Arguer1","Arguer2">}
Remembering_experience={<"Salient_entity","State">}
Similarity={<"Entity_1","Entity_2">}
Reciprocality_subordinate_event={<"Protagonist_1","Protagonist_2">}
Relation_between_individuals={<"Individual_1","Individual_2">}
Kinship={<"Alter","Ego">}
Having_commercial_agreement={<"Party_1","Party_2">}
Assemble={<"Party_1","Party_2">}
Partiality={<"Side_1","Side_2">}
Purpose={<"Attribute","Value">}
Word_relations={<"Sign_1","Sign_2">}
Apply_heat={<"Co_participant","Food">}
Personal_relationship={<"Partner_1","Partner_2">}
Differentiation={<"Phenomenon_1","Phenomenon_2">}
Cause_to_amalgamate={<"Part_1","Part_2">}
Reciprocality_focus={<"Protagonist_1","Protagonist_2">}
Competition={<"Participant_1","Participant_2">}
Hostile_encounter={<"Side_1","Side_2">}
Compatibility={<"Item_1","Item_2">}
Finish_competition={<"Competitor","Opponent">}
Criminal_investigation={<"Incident","Suspect">}
Thwarting={<"Action","Protagonist">}
Attaching={<"Goal","Item">}
Inchoative_attaching={<"Goal","Item">}
Mental_property={<"Practice","Protagonist">}
Collaboration={<"Partner_1","Partner_2">}
Becoming_detached={<"Item","Source">}
Reciprocality={<"Protagonist_1","Protagonist_2">}
Be_in_agreement_on_assessment={<"Cognizer_1","Cognizer_2">}
Social_connection={<"Individual1","Individual2">}
Make_acquaintance={<"Individual_1","Individual_2">}
Chatting={<"Interlocutor_1","Interlocutor_2">}
Make_cognitive_connection={<"Concept_1","Concept_2">}
Sounds={<"Ground","Theme">}
Religious_belief={<"Element","Role">}
Relation={<"Entity1","Entity2">}
Exchange={<"Exchanger_1","Exchanger_2">,<"Theme_1","Theme_2">,<"Exchangers","Themes">}
Amalgamation={<"Part_1","Part_2">}
Impact={<"Impactee","Impactor">}
Being_attached={<"Goal","Item">}
Waver_between_options={<"Option_1","Option_2">}
Hindering={<"Action","Protagonist">}
Recovery={<"Affliction","Patient">}
Be_in_agreement_on_action={<"Party_1","Party_2">}
Discussion={<"Interlocutor_1","Interlocutor_2">}
Separating={<"Part_1","Part_2">,<"Parts","Whole">}
Becoming_separated={<"Part_1","Part_2">}
Estimating={<"Feature","Item">,<"Item","Value">,<"Question","Value">}
Arithmetic_non-commutative={<"Term_1","Term_2">}
Subversion={<"Activity","Agent">}
Performers_and_roles={<"Performer1","Performer2">}
Cause_change={<"Attribute","Final_value">,<"Attribute","Initial_value">}
Forming_relationships={<"Partner_1","Partner_2">}